// Vitest Snapshot v1, https://vitest.dev/guide/snapshot.html

exports[`GameResults > should render a component with default props 1`] = `
<div>
  <header
    class="text-center"
    id="header"
  >
    <h1
      class="mb-6 text-4xl font-extrabold leading-none"
    >
      Congratulations
    </h1>
    <p
      class="text-lg"
    >
      You won the game!
    </p>
  </header>
  <div
    class="mx-auto my-0 mt-[50px]"
    id="results"
  >
    <p
      class="mb-2.5"
    >
      Total Time
      : 
      <strong>
        19
         
        seconds
      </strong>
    </p>
    <p>
      Total Clicks
      : 
      <strong>
        9
         
        clicks
      </strong>
    </p>
  </div>
  <button
    class="btn btn-primary  tooltip-top mx-auto my-[25px] mt-[50px] w-fit min-w-32 bg-main-button text-2xl text-main-die"
    data-testid="roll-dice-button"
    data-tip="Please select all equal dice before rolling."
  >
    Start again
  </button>
</div>
`;
